---
source: tui/src/status/tests.rs
expression: sanitized
---
/status

╭──────────────────────────────────────────────────────────────────────╮
│  >_ mcodex (v0.122.0)                                                │
│                                                                      │
│ Visit https://chatgpt.com/codex/settings/usage for up-to-date        │
│ information on rate limits and credits                               │
│                                                                      │
│  Model:           gpt-5.1-codex-max (reasoning none, summaries auto) │
│  Directory: [[workspace]]                                            │
│  Permissions:     Custom (read-only, on-request)                     │
│  Agents.md:       <none>                                             │
│  Pooled lease:    team-main                                          │
│  Lease status:    Waiting · Unavailable                              │
│  Lease note:      No eligible account is available                   │
│  Next eligible:   03:24                                              │
│                                                                      │
│  Token usage:     0 total  (0 input + 0 output)                      │
│  Limits:          data not available yet                             │
╰──────────────────────────────────────────────────────────────────────╯
