---
source: tui/src/onboarding/onboarding_screen.rs
expression: render_to_string(&screen)
---
  Welcome to mcodex, an OpenAI Codex-derived command-line coding agent

  Pooled access is paused

  Pooled access is paused for this startup. Resume it or hand off to
  login.

  Press enter to resume, or press l to log in

  resume failed
